\BOOKMARK [1][-]{section.1}{\376\377\000I\000n\000t\000r\000o\000d\000u\000c\000c\000i\000\363\000n}{}% 1
\BOOKMARK [1][-]{section.2}{\376\377\000E\000t\000a\000p\000a\000\040\0001\000:\000\040\000A\000c\000t\000u\000a\000l\000i\000z\000a\000c\000i\000\363\000n\000\040\000d\000e\000l\000\040\000E\000n\000t\000o\000r\000n\000o\000\040\000y\000\040\000D\000e\000p\000e\000n\000d\000e\000n\000c\000i\000a\000s}{}% 2
\BOOKMARK [2][-]{subsection.2.1}{\376\377\000C\000r\000e\000a\000c\000i\000\363\000n\000\040\000d\000e\000l\000\040\000E\000n\000t\000o\000r\000n\000o\000\040\000V\000i\000r\000t\000u\000a\000l}{section.2}% 3
\BOOKMARK [2][-]{subsection.2.2}{\376\377\000A\000c\000t\000u\000a\000l\000i\000z\000a\000c\000i\000\363\000n\000\040\000d\000e\000\040\000P\000i\000p}{section.2}% 4
\BOOKMARK [2][-]{subsection.2.3}{\376\377\000I\000n\000s\000t\000a\000l\000a\000c\000i\000\363\000n\000\040\000d\000e\000\040\000D\000j\000a\000n\000g\000o\000\040\0005\000.\0001}{section.2}% 5
\BOOKMARK [2][-]{subsection.2.4}{\376\377\000I\000n\000s\000t\000a\000l\000a\000c\000i\000\363\000n\000\040\000d\000e\000\040\000D\000e\000p\000e\000n\000d\000e\000n\000c\000i\000a\000s\000\040\000M\000o\000d\000e\000r\000n\000a\000s}{section.2}% 6
\BOOKMARK [2][-]{subsection.2.5}{\376\377\000R\000e\000e\000m\000p\000l\000a\000z\000o\000\040\000d\000e\000\040\000d\000j\000a\000n\000g\000o\000-\000g\000s\000h\000e\000e\000t\000s\000\040\000p\000o\000r\000\040\000g\000s\000p\000r\000e\000a\000d}{section.2}% 7
\BOOKMARK [2][-]{subsection.2.6}{\376\377\000G\000e\000n\000e\000r\000a\000c\000i\000\363\000n\000\040\000d\000e\000\040\000r\000e\000q\000u\000i\000r\000e\000m\000e\000n\000t\000s\000\137\000m\000o\000d\000e\000r\000n\000.\000t\000x\000t}{section.2}% 8
\BOOKMARK [2][-]{subsection.2.7}{\376\377\000G\000e\000s\000t\000i\000\363\000n\000\040\000d\000e\000\040\000V\000e\000r\000s\000i\000o\000n\000e\000s\000\040\000c\000o\000n\000\040\000G\000i\000t}{section.2}% 9
\BOOKMARK [1][-]{section.3}{\376\377\000E\000t\000a\000p\000a\000\040\0002\000:\000\040\000A\000c\000t\000u\000a\000l\000i\000z\000a\000c\000i\000\363\000n\000\040\000d\000e\000\040\000s\000e\000t\000t\000i\000n\000g\000s\000.\000p\000y}{}% 10
\BOOKMARK [2][-]{subsection.3.1}{\376\377\000C\000a\000m\000b\000i\000o\000s\000\040\000r\000e\000a\000l\000i\000z\000a\000d\000o\000s}{section.3}% 11
\BOOKMARK [1][-]{section.4}{\376\377\000E\000t\000a\000p\000a\000\040\0003\000:\000\040\000E\000l\000i\000m\000i\000n\000a\000c\000i\000\363\000n\000\040\000d\000e\000\040\000D\000e\000p\000e\000n\000d\000e\000n\000c\000i\000a\000s\000\040\000O\000b\000s\000o\000l\000e\000t\000a\000s}{}% 12
\BOOKMARK [2][-]{subsection.4.1}{\376\377\000R\000e\000e\000m\000p\000l\000a\000z\000o\000\040\000d\000e\000\040\000d\000j\000a\000n\000g\000o\000-\000l\000a\000n\000g\000u\000a\000g\000e\000-\000f\000i\000e\000l\000d\000\040\000p\000o\000r\000\040\000C\000h\000a\000r\000F\000i\000e\000l\000d}{section.4}% 13
\BOOKMARK [2][-]{subsection.4.2}{\376\377\000E\000l\000i\000m\000i\000n\000a\000c\000i\000\363\000n\000\040\000d\000e\000\040\000g\000s\000h\000e\000e\000t\000s\000.\000m\000i\000x\000i\000n\000s}{section.4}% 14
\BOOKMARK [1][-]{section.5}{\376\377\000E\000t\000a\000p\000a\000\040\0004\000:\000\040\000M\000i\000g\000r\000a\000c\000i\000o\000n\000e\000s\000\040\000y\000\040\000B\000a\000s\000e\000\040\000d\000e\000\040\000D\000a\000t\000o\000s}{}% 15
\BOOKMARK [2][-]{subsection.5.1}{\376\377\000C\000r\000e\000a\000c\000i\000\363\000n\000\040\000d\000e\000\040\000l\000a\000\040\000B\000a\000s\000e\000\040\000d\000e\000\040\000D\000a\000t\000o\000s}{section.5}% 16
\BOOKMARK [2][-]{subsection.5.2}{\376\377\000P\000o\000b\000l\000a\000d\000o\000\040\000d\000e\000\040\000D\000a\000t\000o\000s\000\040\000I\000n\000i\000c\000i\000a\000l\000e\000s}{section.5}% 17
\BOOKMARK [1][-]{section.6}{\376\377\000E\000t\000a\000p\000a\000\040\0005\000:\000\040\000C\000o\000r\000r\000e\000c\000c\000i\000\363\000n\000\040\000d\000e\000\040\000E\000r\000r\000o\000r\000e\000s\000\040\000e\000n\000\040\000v\000i\000e\000w\000s\000.\000p\000y}{}% 18
\BOOKMARK [2][-]{subsection.6.1}{\376\377\000D\000e\000s\000c\000o\000m\000e\000n\000t\000a\000d\000o\000\040\000d\000e\000\040\000V\000a\000r\000i\000a\000b\000l\000e\000s\000\040\000G\000l\000o\000b\000a\000l\000e\000s}{section.6}% 19
\BOOKMARK [2][-]{subsection.6.2}{\376\377\000C\000o\000r\000r\000e\000c\000c\000i\000\363\000n\000\040\000d\000e\000\040\000I\000m\000p\000o\000r\000t\000a\000c\000i\000\363\000n\000\040\000d\000e\000\040\000r\000e\000d\000i\000r\000e\000c\000t}{section.6}% 20
\BOOKMARK [1][-]{section.7}{\376\377\000E\000t\000a\000p\000a\000\040\0006\000:\000\040\000C\000o\000n\000f\000i\000g\000u\000r\000a\000c\000i\000\363\000n\000\040\000d\000e\000\040\000C\000r\000i\000s\000p\000y\000\040\000F\000o\000r\000m\000s\000\040\000c\000o\000n\000\040\000B\000o\000o\000t\000s\000t\000r\000a\000p\000\040\0004}{}% 21
\BOOKMARK [1][-]{section.8}{\376\377\000E\000t\000a\000p\000a\000\040\0007\000:\000\040\000G\000e\000s\000t\000i\000\363\000n\000\040\000d\000e\000\040\000R\000a\000m\000a\000s\000\040\000e\000n\000\040\000G\000i\000t\000\040\000y\000\040\000F\000u\000s\000i\000\363\000n}{}% 22
\BOOKMARK [2][-]{subsection.8.1}{\376\377\000C\000r\000e\000a\000c\000i\000\363\000n\000\040\000d\000e\000\040\000l\000a\000\040\000R\000a\000m\000a\000\040\000m\000a\000s\000t\000e\000r}{section.8}% 23
\BOOKMARK [2][-]{subsection.8.2}{\376\377\000E\000l\000i\000m\000i\000n\000a\000c\000i\000\363\000n\000\040\000d\000e\000\040\000l\000a\000\040\000R\000a\000m\000a\000\040\000m\000a\000i\000n}{section.8}% 24
\BOOKMARK [2][-]{subsection.8.3}{\376\377\000F\000u\000s\000i\000\363\000n\000\040\000d\000e\000\040\000r\000a\000m\000a\000E\000s\000t\000i\000v\000e\000n\000\040\000e\000n\000\040\000m\000a\000s\000t\000e\000r}{section.8}% 25
\BOOKMARK [1][-]{section.9}{\376\377\000E\000s\000t\000a\000d\000o\000\040\000A\000c\000t\000u\000a\000l\000\040\000d\000e\000l\000\040\000P\000r\000o\000y\000e\000c\000t\000o}{}% 26
\BOOKMARK [1][-]{section.10}{\376\377\000P\000r\000\363\000x\000i\000m\000o\000s\000\040\000P\000a\000s\000o\000s}{}% 27
\BOOKMARK [1][-]{section.11}{\376\377\000C\000o\000n\000c\000l\000u\000s\000i\000o\000n\000e\000s}{}% 28
